Last login: Thu Feb  1 17:35:54 on ttys001
meganlohnash@Megans-Mac-mini ~ % drutil
Usage: drutil -drive [drive-arguments] command [command-options-and-arguments]
 drutil commands are:
   atip           Displays ATIP information about inserted CD-R/RW media.
   bulkerase      Bulk erases -RW media in either quick or full mode.
                   drutil bulkerase (quick | full)
   burn           Burns a given file or directory to disc. 
                   drutil burn (burn-options) <path>
   cdtext         Displays CD-Text present on an audio CD.
   discinfo       Displays disc related info when media is present.
   dumpiso        Parses ISO-9660 directory structures. 
                   drutil dumpiso <devnode> <block> [format]
   dumpudf        Parses UDF directory structures. 
                   drutil dumpudf <devnode> <block> [format]
   eject          Ejects media from the drive (if any).
   erase          Erases -RW media in either quick or full mode.
                   drutil erase (quick | full)
   filename       Translates filenames for different filesystems.
                   drutil filename <name>
   getconfig      Displays current and supported device features and profiles.
                   drutil getconfig (current | supported)
   info           Displays detailed information about connected drives.
   list           Lists all connected burning devices.
   poll           Constantly polls and displays device notifications.
   size           Estimates size of a given file or directory.
   status         Displays detailed information about inserted media.
   subchannel     Displays subchannel (MCN, ISRC) info when CD media is present.
   toc            Displays TOC information about inserted CD media.
   trackinfo      Displays track related info when media is present.
   tray           Opens and closes drive tray, and ejects media.
                   drutil tray (open | close | eject)
   version        Display the OS and DiscRecording version numbers.
 (specify drutil help <command> for command specific help)
 (specify drutil help driveselect for drive selection help)

meganlohnash@Megans-Mac-mini ~ % drutil tray eject
meganlohnash@Megans-Mac-mini ~ % drutil --status  
Usage: drutil -drive [drive-arguments] command [command-options-and-arguments]
 drutil commands are:
   atip           Displays ATIP information about inserted CD-R/RW media.
   bulkerase      Bulk erases -RW media in either quick or full mode.
                   drutil bulkerase (quick | full)
   burn           Burns a given file or directory to disc. 
                   drutil burn (burn-options) <path>
   cdtext         Displays CD-Text present on an audio CD.
   discinfo       Displays disc related info when media is present.
   dumpiso        Parses ISO-9660 directory structures. 
                   drutil dumpiso <devnode> <block> [format]
   dumpudf        Parses UDF directory structures. 
                   drutil dumpudf <devnode> <block> [format]
   eject          Ejects media from the drive (if any).
   erase          Erases -RW media in either quick or full mode.
                   drutil erase (quick | full)
   filename       Translates filenames for different filesystems.
                   drutil filename <name>
   getconfig      Displays current and supported device features and profiles.
                   drutil getconfig (current | supported)
   info           Displays detailed information about connected drives.
   list           Lists all connected burning devices.
   poll           Constantly polls and displays device notifications.
   size           Estimates size of a given file or directory.
   status         Displays detailed information about inserted media.
   subchannel     Displays subchannel (MCN, ISRC) info when CD media is present.
   toc            Displays TOC information about inserted CD media.
   trackinfo      Displays track related info when media is present.
   tray           Opens and closes drive tray, and ejects media.
                   drutil tray (open | close | eject)
   version        Display the OS and DiscRecording version numbers.
 (specify drutil help <command> for command specific help)
 (specify drutil help driveselect for drive selection help)

meganlohnash@Megans-Mac-mini ~ % drutil list    
   Vendor   Product           Rev   Bus       SupportLevel
1  PIONEER  DVD-RW  DVR-XD10  1.00  USB       Unsupported

meganlohnash@Megans-Mac-mini ~ % drutil status
 Vendor   Product           Rev 
 PIONEER  DVD-RW  DVR-XD10  1.00

           Type: No Media Inserted

meganlohnash@Megans-Mac-mini ~ % drutil status
 Vendor   Product           Rev 
 PIONEER  DVD-RW  DVR-XD10  1.00

           Type: No Media Inserted

meganlohnash@Megans-Mac-mini ~ % drutil status
 Vendor   Product           Rev 
 PIONEER  DVD-RW  DVR-XD10  1.00

           Type: CD-ROM               Name: /dev/disk4
       Sessions: 1                  Tracks: 20
   Overwritable:   00:00:00         blocks:        0 /   0.00MB /   0.00MiB
     Space Free:   00:00:00         blocks:        0 /   0.00MB /   0.00MiB
     Space Used:   80:25:31         blocks:   361906 / 741.18MB / 706.85MiB
    Writability: 

meganlohnash@Megans-Mac-mini ~ % dd if=/dev/disk4 of=/Users/meganlohnash/Desktop/CAROH_testDir_2024-02-02
dd: /dev/disk4: Resource busy
meganlohnash@Megans-Mac-mini ~ % umount /dev/disk4                                                       
umount: unmount(/Volumes/Audio CD): Operation not permitted
meganlohnash@Megans-Mac-mini ~ % sudo umount /dev/disk4
meganlohnash@Megans-Mac-mini ~ % dd if=/dev/disk4 of=/Users/meganlohnash/Desktop/CAROH_testDir_2024-02-02/test.iso conv=noerror,sync bs=1M 
dd: /dev/disk4: Invalid argument
811+0 records in
811+0 records out
850395136 bytes transferred in 347.758250 secs (2445363 bytes/sec)
dd: /dev/disk4: Invalid argument
dd: /dev/disk4: Invalid argument
812+0 records in
812+0 records out
851443712 bytes transferred in 347.759113 secs (2448372 bytes/sec)
dd: /dev/disk4: Invalid argument
dd: /dev/disk4: Invalid argument
813+0 records in
813+0 records out
852492288 bytes transferred in 347.759678 secs (2451383 bytes/sec)
dd: /dev/disk4: Invalid argument
dd: /dev/disk4: Invalid argument
...
1003487232 bytes transferred in 347.839487 secs (2884915 bytes/sec)
dd: /dev/disk4: Invalid argument
958+0 records in
958+0 records out
1004535808 bytes transferred in 347.840558 secs (2887920 bytes/sec)
meganlohnash@Megans-Mac-mini ~ % hdiutil mount /Users/meganlohnash/Desktop/CAROH_testDir_2024-02-02/test.iso
hdiutil: mount failed - Resource temporarily unavailable
meganlohnash@Megans-Mac-mini ~ % sudo hdiutil mount /Users/meganlohnash/Desktop/CAROH_testDir_2024-02-02/test.iso
Password:
hdiutil: mount failed - Resource temporarily unavailable
meganlohnash@Megans-Mac-mini ~ % sudo hdiutil mount /Users/meganlohnash/Desktop/CAROH_testDir_2024-02-02/test.iso
hdiutil: mount failed - Resource temporarily unavailable
meganlohnash@Megans-Mac-mini ~ % hdiutil makehybrid -iso -joliet -o /Users/meganlohnash/Desktop/CAROH_testDir_2024-02-02/test2.iso /dev/disk4
Creating hybrid image...
...................................................................................................................................................

meganlohnash@Megans-Mac-mini ~ % lsblk                                                                                                       
zsh: command not found: lsblk
meganlohnash@Megans-Mac-mini ~ % df
Filesystem     512-blocks      Used Available Capacity iused      ifree %iused  Mounted on
/dev/disk3s1s1  965595304  29758536 415616368     7%  501138 2078081840    0%   /
devfs                 423       423         0   100%     746          0  100%   /dev
/dev/disk3s6    965595304        48 415616368     1%       0 2078081840    0%   /System/Volumes/VM
/dev/disk3s2    965595304   1580056 415616368     1%    1882 2078081840    0%   /System/Volumes/Preboot
/dev/disk3s4    965595304     62152 415616368     1%     111 2078081840    0%   /System/Volumes/Update
/dev/disk1s2      1024000     12328    986504     2%       3    4932520    0%   /System/Volumes/xarts
/dev/disk1s1      1024000     14752    986504     2%      40    4932520    0%   /System/Volumes/iSCPreboot
/dev/disk1s3      1024000       696    986504     1%      32    4932520    0%   /System/Volumes/Hardware
/dev/disk3s5    965595304 515241016 415616368    56% 2312556 2078081840    0%   /System/Volumes/Data
map auto_home           0         0         0   100%       0          0  100%   /System/Volumes/Data/home
meganlohnash@Megans-Mac-mini ~ % diskutil list
/dev/disk0 (internal):
   #:                       TYPE NAME                    SIZE       IDENTIFIER
   0:      GUID_partition_scheme                         500.3 GB   disk0
   1:             Apple_APFS_ISC ⁨⁩                        524.3 MB   disk0s1
   2:                 Apple_APFS ⁨Container disk3⁩         494.4 GB   disk0s2
   3:        Apple_APFS_Recovery ⁨⁩                        5.4 GB     disk0s3

/dev/disk3 (synthesized):
   #:                       TYPE NAME                    SIZE       IDENTIFIER
   0:      APFS Container Scheme -                      +494.4 GB   disk3
                                 Physical Store disk0s2
   1:                APFS Volume ⁨Macintosh HD⁩            15.2 GB    disk3s1
   2:              APFS Snapshot ⁨com.apple.os.update-...⁩ 15.2 GB    disk3s1s1
   3:                APFS Volume ⁨Preboot⁩                 809.0 MB   disk3s2
   4:                APFS Volume ⁨Recovery⁩                1.5 GB     disk3s3
   5:                APFS Volume ⁨Data⁩                    263.8 GB   disk3s5
   6:                APFS Volume ⁨VM⁩                      24.6 KB    disk3s6

/dev/disk5 (disk image):
   #:                       TYPE NAME                    SIZE       IDENTIFIER
   0:                                                   +1.0 GB     disk5

meganlohnash@Megans-Mac-mini ~ % diskutil mountDisk /dev/disk5
Volume(s) mounted successfully
meganlohnash@Megans-Mac-mini ~ % diskutil list\               
> 
/dev/disk0 (internal):
   #:                       TYPE NAME                    SIZE       IDENTIFIER
   0:      GUID_partition_scheme                         500.3 GB   disk0
   1:             Apple_APFS_ISC ⁨⁩                        524.3 MB   disk0s1
   2:                 Apple_APFS ⁨Container disk3⁩         494.4 GB   disk0s2
   3:        Apple_APFS_Recovery ⁨⁩                        5.4 GB     disk0s3

/dev/disk3 (synthesized):
   #:                       TYPE NAME                    SIZE       IDENTIFIER
   0:      APFS Container Scheme -                      +494.4 GB   disk3
                                 Physical Store disk0s2
   1:                APFS Volume ⁨Macintosh HD⁩            15.2 GB    disk3s1
   2:              APFS Snapshot ⁨com.apple.os.update-...⁩ 15.2 GB    disk3s1s1
   3:                APFS Volume ⁨Preboot⁩                 809.0 MB   disk3s2
   4:                APFS Volume ⁨Recovery⁩                1.5 GB     disk3s3
   5:                APFS Volume ⁨Data⁩                    263.8 GB   disk3s5
   6:                APFS Volume ⁨VM⁩                      24.6 KB    disk3s6

/dev/disk5 (disk image):
   #:                       TYPE NAME                    SIZE       IDENTIFIER
   0:                                                   +1.0 GB     disk5

meganlohnash@Megans-Mac-mini ~ % diskutil list 

/dev/disk0 (internal):
   #:                       TYPE NAME                    SIZE       IDENTIFIER
   0:      GUID_partition_scheme                         500.3 GB   disk0
   1:             Apple_APFS_ISC ⁨⁩                        524.3 MB   disk0s1
   2:                 Apple_APFS ⁨Container disk3⁩         494.4 GB   disk0s2
   3:        Apple_APFS_Recovery ⁨⁩                        5.4 GB     disk0s3

/dev/disk3 (synthesized):
   #:                       TYPE NAME                    SIZE       IDENTIFIER
   0:      APFS Container Scheme -                      +494.4 GB   disk3
                                 Physical Store disk0s2
   1:                APFS Volume ⁨Macintosh HD⁩            15.2 GB    disk3s1
   2:              APFS Snapshot ⁨com.apple.os.update-...⁩ 15.2 GB    disk3s1s1
   3:                APFS Volume ⁨Preboot⁩                 809.0 MB   disk3s2
   4:                APFS Volume ⁨Recovery⁩                1.5 GB     disk3s3
   5:                APFS Volume ⁨Data⁩                    263.8 GB   disk3s5
   6:                APFS Volume ⁨VM⁩                      24.6 KB    disk3s6

/dev/disk6 (disk image):
   #:                       TYPE NAME                    SIZE       IDENTIFIER
   0:                            Audio CD               +851.3 MB   disk6

meganlohnash@Megans-Mac-mini ~ % hdiutil unmount /dev/disk6                                                                                  
"/dev/disk6" unmounted successfully.
meganlohnash@Megans-Mac-mini ~ % hdiutil mount /Users/meganlohnash/Desktop/CAROH_testDir_2024-02-02/test2.iso
hdiutil: mount failed - Resource temporarily unavailable
meganlohnash@Megans-Mac-mini ~ % sudo hdiutil mount /Users/meganlohnash/Desktop/CAROH_testDir_2024-02-02/test2.iso
Password:
hdiutil: mount failed - Resource temporarily unavailable
meganlohnash@Megans-Mac-mini ~ % sudo mount /Users/meganlohnash/Desktop/CAROH_testDir_2024-02-02/test2.iso 
mount: /Users/meganlohnash/Desktop/CAROH_testDir_2024-02-02/test2.iso: unknown special file or file system.
meganlohnash@Megans-Mac-mini ~ % 
